Loading trainer: ZeroshotCLIP
Loading dataset: ImageNet
Loading preprocessed few-shot data from /data/yewon/DATA/imagenet/split_fewshot/shot_16-seed_1.pkl
Building transform_train
+ random resized crop (size=(224, 224), scale=(0.08, 1.0))
+ random flip
+ to torch tensor of range [0, 1]
+ normalization (mean=[0.48145466, 0.4578275, 0.40821073], std=[0.26862954, 0.26130258, 0.27577711])
Building transform_test
+ resize the smaller edge to 224
+ 224x224 center crop
+ to torch tensor of range [0, 1]
+ normalization (mean=[0.48145466, 0.4578275, 0.40821073], std=[0.26862954, 0.26130258, 0.27577711])
---------  --------
Dataset    ImageNet
# classes  1,000
# train_x  16,000
# val      50,000
# test     50,000
---------  --------
> /mlainas/yewon/CoOp/CoOp/KGPrompt/dassl/engine/trainer.py(414)build_data_loader()
-> print(train_dir)
(Pdb) 16
(Pdb) /mlainas/KGPrompt_data/imagenet/shot_16_seed_1_train.npy
> /mlainas/yewon/CoOp/CoOp/KGPrompt/dassl/engine/trainer.py(415)build_data_loader()
-> print(valid_dir)
(Pdb) /mlainas/KGPrompt_data/imagenet/shot_16_seed_1_valid.npy
> /mlainas/yewon/CoOp/CoOp/KGPrompt/dassl/engine/trainer.py(416)build_data_loader()
-> if os.path.exists(train_dir):
(Pdb) > /mlainas/yewon/CoOp/CoOp/KGPrompt/dassl/engine/trainer.py(417)build_data_loader()
-> data_train = np.load(train_dir)
(Pdb) '/mlainas/KGPrompt_data/imagenet/shot_16_seed_1_train.npy'
(Pdb)
Traceback (most recent call last):
  File "train.py", line 257, in <module>
    main(args)
  File "train.py", line 178, in main
    trainer = build_trainer(cfg)
  File "/mlainas/yewon/CoOp/CoOp/KGPrompt/dassl/engine/build.py", line 11, in build_trainer
    return TRAINER_REGISTRY.get(cfg.TRAINER.NAME)(cfg)
  File "/mlainas/yewon/CoOp/CoOp/KGPrompt/dassl/engine/trainer.py", line 344, in __init__
    self.build_data_loader()
  File "/mlainas/yewon/CoOp/CoOp/KGPrompt/dassl/engine/trainer.py", line 417, in build_data_loader
    data_train = np.load(train_dir)
  File "/mlainas/yewon/CoOp/CoOp/KGPrompt/dassl/engine/trainer.py", line 417, in build_data_loader
    data_train = np.load(train_dir)
  File "/mlainas/anaconda3/envs/torch/lib/python3.8/bdb.py", line 88, in trace_dispatch
    return self.dispatch_line(frame)
  File "/mlainas/anaconda3/envs/torch/lib/python3.8/bdb.py", line 113, in dispatch_line
    if self.quitting: raise BdbQuit
bdb.BdbQuit